[root@slurmctld /]# salloc -w c1
salloc: Granted job allocation 18
[root@slurmctld /]# srun hostname
c1
[root@slurmctld /]# srun ping c4
ping: c4: Name or service not known
srun: error: c1: task 0: Exited with exit code 2
[root@slurmctld /]# exit
exit
salloc: Relinquishing job allocation 18
[root@slurmctld /]# salloc -w c4
salloc: Granted job allocation 19
[root@slurmctld /]# srun hostname
c4
[root@slurmctld /]# srun ping c1
ping: c1: Name or service not known
srun: error: c4: task 0: Exited with exit code 2
[root@slurmctld /]#
